// Jest Snapshot v1, https://goo.gl/fbAQLP

exports[`Link renders correctly 1`] = `
<a
  className="App-link"
  href="https://reactjs.org"
  rel="noopener noreferrer"
  target="_blank"
>
  Learn React
</a>
`;
