// Jest Snapshot v1, https://goo.gl/fbAQLP

exports[`Hello renders correctly 1`] = `
<div>
  Hello 
  Create React App
</div>
`;
