// Jest Snapshot v1, https://goo.gl/fbAQLP

exports[`App renders correctly 1`] = `
<div
  className="App"
>
  <header
    className="App-header"
  >
    <p>
      CRA2 with Yarn Workspace & Monorepo
    </p>
    <img
      alt="logo"
      className="App-logo"
      src="logo.svg"
    />
    <p>
      This is apps/app-shared
    </p>
    <div>
      Hello 
      React Coder
    </div>
    <p>
      <a
        className="App-link"
        href="https://reactjs.org"
        rel="noopener noreferrer"
        target="_blank"
      >
        Learn React
      </a>
    </p>
  </header>
</div>
`;
